components/three-background.tsx(4,24): error TS7016: Could not find a declaration file for module 'three'. 'C:/Users/Lenovo/Downloads/portfolio/node_modules/.pnpm/three@0.182.0/node_modules/three/build/three.module.js' implicitly has an 'any' type.
  Try `npm i --save-dev @types/three` if it exists or add a new declaration (.d.ts) file containing `declare module 'three';`
